// Jest Snapshot v1, https://goo.gl/fbAQLP

exports[`BudgetBalance component should match the snapshot 1`] = `
<h1>
  Current balance: 
  1000
</h1>
`;
